// Jest Snapshot v1, https://goo.gl/fbAQLP

exports[`Synth.vue matches snapshot 1`] = `<!---->`;
